
> dashboard-geral@0.1.0 build
> npm run clean && next build


> dashboard-geral@0.1.0 clean
> rimraf .next

node.exe : 'rimraf' não é reconhecido como um 
comando interno
No C:\Program Files\nodejs\npm.ps1:29 caractere:3
+   & $NODE_EXE $NPM_CLI_JS $args
+   ~~~~~~~~~~~~~~~~~~~~~~~~~~~~~
    + CategoryInfo          : NotSpecified: ('rim 
   raf' não é ...comando interno:String) [], Rem  
  oteException
    + FullyQualifiedErrorId : NativeCommandError
 
ou externo, um programa operável ou um arquivo em 
lotes.
