src/hooks/data/useCityLastUpdates.ts(47,12): error TS2339: Property 'catch' does not exist on type 'PromiseLike<CityUpdateInfo[] | null>'.
src/hooks/data/useCityLastUpdates.ts(47,18): error TS7006: Parameter 'err' implicitly has an 'any' type.
